Parser type: Zipf
num requests: 10240000
zipf objCount 1000000
zipf debug objectCount 30 smallest bucket size 2 largest bucket size 160753 effective probability 2.07357e-07 theoretical probability 3.98107e-06
Stats file at ./output/kangaroo-memSize2MB-flashSize10MB-setCapacity4096B-zipf0.9.out
Setting not found: stats.collectionIntervalPower, using default value: 6
Setting not found: sets.numHashFunctions, using default value: 1
Miss Rate: -nan Flash Write Amp: -nan
go: Generating 10240000 requests
Miss Rate: 0.357641 Flash Write Amp: 64
Miss Rate: 0.338141 Flash Write Amp: 64
Miss Rate: 0.332212 Flash Write Amp: 64
Miss Rate: 0.329287 Flash Write Amp: 64
Miss Rate: 0.327428 Flash Write Amp: 64
Miss Rate: 0.326246 Flash Write Amp: 64
Miss Rate: 0.325519 Flash Write Amp: 64
Miss Rate: 0.325014 Flash Write Amp: 64
Miss Rate: 0.324438 Flash Write Amp: 64
Miss Rate: 0.324023 Flash Write Amp: 64

Miss Rate: 0.323927 Flash Write Amp: 64
Processed 10240000 in 20 seconds, rate of 512000 accs/sec
