Parser type: Zipf
num requests: 10240000
zipf objCount 1000000
zipf debug objectCount 30 smallest bucket size 2 largest bucket size 160753 effective probability 2.07357e-07 theoretical probability 3.98107e-06
Stats file at ./output/kangaroo-memSize2MB-flashSize10MB-logPer100-zipf0.9.out
Setting not found: stats.collectionIntervalPower, using default value: 6
Setting not found: log.readmit, using default value: 0
Setting not found: log.flushBlockSizeKB, using default value: 256
Log capacity: 10485760
	Num Blocks: 40
	Block Capacity: 262144
Setting not found: cache.memOverheadRatio, using default value: 0.02
Log Capacity: 10485760 mem capacity 2097152 percent 0.02
Actual Memory Cache Size after indexing costs: 1887436
Miss Rate: -nan Flash Write Amp: -nan
go: Generating 10240000 requests
Miss Rate: 0.360227 Flash Write Amp: 1
Miss Rate: 0.341562 Flash Write Amp: 1
Miss Rate: 0.336145 Flash Write Amp: 1
Miss Rate: 0.333237 Flash Write Amp: 1
Miss Rate: 0.331528 Flash Write Amp: 1
Miss Rate: 0.330359 Flash Write Amp: 1
Miss Rate: 0.329694 Flash Write Amp: 1
Miss Rate: 0.329197 Flash Write Amp: 1
Miss Rate: 0.328662 Flash Write Amp: 1
Miss Rate: 0.328279 Flash Write Amp: 1

Miss Rate: 0.328189 Flash Write Amp: 1
Processed 10240000 in 15 seconds, rate of 682667 accs/sec
