Parser type: Zipf
num requests: 10240000
zipf objCount 1000000
zipf debug objectCount 30 smallest bucket size 2 largest bucket size 160753 effective probability 2.07357e-07 theoretical probability 3.98107e-06
Stats file at ./output/kangaroo-memSize5MB-flashSize10MB-setCapacity4096B-zipf0.9.out
Setting not found: stats.collectionIntervalPower, using default value: 6
Setting not found: sets.numHashFunctions, using default value: 1
Miss Rate: -nan Flash Write Amp: -nan
go: Generating 10240000 requests
Miss Rate: 0.331921 Flash Write Amp: 64
Miss Rate: 0.3058 Flash Write Amp: 64
Miss Rate: 0.296856 Flash Write Amp: 64
Miss Rate: 0.292501 Flash Write Amp: 64
Miss Rate: 0.289736 Flash Write Amp: 64
Miss Rate: 0.287944 Flash Write Amp: 64
Miss Rate: 0.286741 Flash Write Amp: 64
Miss Rate: 0.285861 Flash Write Amp: 64
Miss Rate: 0.285072 Flash Write Amp: 64
Miss Rate: 0.284453 Flash Write Amp: 64

Miss Rate: 0.284305 Flash Write Amp: 64
Processed 10240000 in 18 seconds, rate of 568889 accs/sec
