Parser type: Zipf
num requests: 10240000
zipf objCount 1000000
zipf debug objectCount 30 smallest bucket size 2 largest bucket size 160753 effective probability 2.07357e-07 theoretical probability 3.98107e-06
Stats file at ./output/kangaroo-memSize10MB-flashSize50MB-setCapacity4096B-zipf0.9.out
Setting not found: stats.collectionIntervalPower, using default value: 6
Setting not found: sets.numHashFunctions, using default value: 1
Miss Rate: -nan Flash Write Amp: -nan
go: Generating 10240000 requests
Miss Rate: 0.318253 Flash Write Amp: 64
Miss Rate: 0.244564 Flash Write Amp: 64
Miss Rate: 0.202228 Flash Write Amp: 64
Miss Rate: 0.17314 Flash Write Amp: 64
Miss Rate: 0.151471 Flash Write Amp: 64
Miss Rate: 0.134595 Flash Write Amp: 64
Miss Rate: 0.121074 Flash Write Amp: 64
Miss Rate: 0.109948 Flash Write Amp: 64
Miss Rate: 0.100688 Flash Write Amp: 64
Miss Rate: 0.0928624 Flash Write Amp: 64

Miss Rate: 0.0911708 Flash Write Amp: 64
Processed 10240000 in 18 seconds, rate of 568889 accs/sec
