Parser type: Zipf
num requests: 10240000
zipf objCount 1000000
zipf debug objectCount 30 smallest bucket size 2 largest bucket size 160753 effective probability 2.07357e-07 theoretical probability 3.98107e-06
Stats file at ./output/kangaroo-memSize1MB-flashSize10MB-setCapacity4096B-zipf0.9.out
Setting not found: stats.collectionIntervalPower, using default value: 6
Setting not found: sets.numHashFunctions, using default value: 1
Miss Rate: -nan Flash Write Amp: -nan
go: Generating 10240000 requests
Miss Rate: 0.367241 Flash Write Amp: 64
Miss Rate: 0.351538 Flash Write Amp: 64
Miss Rate: 0.346329 Flash Write Amp: 64
Miss Rate: 0.343842 Flash Write Amp: 64
Miss Rate: 0.342203 Flash Write Amp: 64
Miss Rate: 0.341176 Flash Write Amp: 64
Miss Rate: 0.340527 Flash Write Amp: 64
Miss Rate: 0.340133 Flash Write Amp: 64
Miss Rate: 0.339617 Flash Write Amp: 64
Miss Rate: 0.339284 Flash Write Amp: 64

Miss Rate: 0.339181 Flash Write Amp: 64
Processed 10240000 in 20 seconds, rate of 512000 accs/sec
