Parser type: Zipf
num requests: 10240000
zipf objCount 1000000
zipf debug objectCount 30 smallest bucket size 2 largest bucket size 160753 effective probability 2.07357e-07 theoretical probability 3.98107e-06
Stats file at ./output/kangaroo-memSize3MB-flashSize20MB-setCapacity4096B-zipf0.9.out
Setting not found: stats.collectionIntervalPower, using default value: 6
Setting not found: sets.numHashFunctions, using default value: 1
Miss Rate: -nan Flash Write Amp: -nan
go: Generating 10240000 requests
Miss Rate: 0.318353 Flash Write Amp: 64
Miss Rate: 0.267226 Flash Write Amp: 64
Miss Rate: 0.249754 Flash Write Amp: 64
Miss Rate: 0.240838 Flash Write Amp: 64
Miss Rate: 0.235631 Flash Write Amp: 64
Miss Rate: 0.232015 Flash Write Amp: 64
Miss Rate: 0.229609 Flash Write Amp: 64
Miss Rate: 0.227779 Flash Write Amp: 64
Miss Rate: 0.226248 Flash Write Amp: 64
Miss Rate: 0.225042 Flash Write Amp: 64

Miss Rate: 0.224745 Flash Write Amp: 64
Processed 10240000 in 21 seconds, rate of 487619 accs/sec
