Parser type: Zipf
num requests: 10240000
zipf objCount 1000000
zipf debug objectCount 30 smallest bucket size 2 largest bucket size 160753 effective probability 2.07357e-07 theoretical probability 3.98107e-06
Stats file at ./output/kangaroo-memSize2MB-flashSize20MB-logPer100-zipf0.9.out
Setting not found: stats.collectionIntervalPower, using default value: 6
Setting not found: log.readmit, using default value: 0
Setting not found: log.flushBlockSizeKB, using default value: 256
Log capacity: 20971520
	Num Blocks: 80
	Block Capacity: 262144
Setting not found: cache.memOverheadRatio, using default value: 0.02
Log Capacity: 20971520 mem capacity 2097152 percent 0.02
Actual Memory Cache Size after indexing costs: 1677721
Miss Rate: -nan Flash Write Amp: -nan
go: Generating 10240000 requests
Miss Rate: 0.318253 Flash Write Amp: 1
Miss Rate: 0.275336 Flash Write Amp: 1
Miss Rate: 0.257704 Flash Write Amp: 1
Miss Rate: 0.251575 Flash Write Amp: 1
Miss Rate: 0.246716 Flash Write Amp: 1
Miss Rate: 0.243471 Flash Write Amp: 1
Miss Rate: 0.24175 Flash Write Amp: 1
Miss Rate: 0.239798 Flash Write Amp: 1
Miss Rate: 0.238708 Flash Write Amp: 1
Miss Rate: 0.23759 Flash Write Amp: 1

Miss Rate: 0.237425 Flash Write Amp: 1
Processed 10240000 in 12 seconds, rate of 853333 accs/sec
