Parser type: Zipf
num requests: 10240000
zipf objCount 1000000
zipf debug objectCount 30 smallest bucket size 2 largest bucket size 160753 effective probability 2.07357e-07 theoretical probability 3.98107e-06
Stats file at ./output/kangaroo-memSize1MB-flashSize20MB-setCapacity4096B-zipf0.9.out
Setting not found: stats.collectionIntervalPower, using default value: 6
Setting not found: sets.numHashFunctions, using default value: 1
Miss Rate: -nan Flash Write Amp: -nan
go: Generating 10240000 requests
Miss Rate: 0.319381 Flash Write Amp: 64
Miss Rate: 0.278172 Flash Write Amp: 64
Miss Rate: 0.262666 Flash Write Amp: 64
Miss Rate: 0.255474 Flash Write Amp: 64
Miss Rate: 0.251135 Flash Write Amp: 64
Miss Rate: 0.248217 Flash Write Amp: 64
Miss Rate: 0.246207 Flash Write Amp: 64
Miss Rate: 0.24468 Flash Write Amp: 64
Miss Rate: 0.243377 Flash Write Amp: 64
Miss Rate: 0.242372 Flash Write Amp: 64

Miss Rate: 0.242146 Flash Write Amp: 64
Processed 10240000 in 23 seconds, rate of 445217 accs/sec
