Parser type: Zipf
num requests: 10240000
zipf objCount 1000000
zipf debug objectCount 30 smallest bucket size 2 largest bucket size 160753 effective probability 2.07357e-07 theoretical probability 3.98107e-06
Stats file at ./output/kangaroo-memSize10MB-flashSize10MB-logPer100-zipf0.9.out
Setting not found: stats.collectionIntervalPower, using default value: 6
Setting not found: log.readmit, using default value: 0
Setting not found: log.flushBlockSizeKB, using default value: 256
Log capacity: 10485760
	Num Blocks: 40
	Block Capacity: 262144
Setting not found: cache.memOverheadRatio, using default value: 0.02
Log Capacity: 10485760 mem capacity 10485760 percent 0.02
Actual Memory Cache Size after indexing costs: 10276044
Miss Rate: -nan Flash Write Amp: -nan
go: Generating 10240000 requests
Miss Rate: 0.318253 Flash Write Amp: 1
Miss Rate: 0.272352 Flash Write Amp: 1
Miss Rate: 0.257328 Flash Write Amp: 1
Miss Rate: 0.249993 Flash Write Amp: 1
Miss Rate: 0.245548 Flash Write Amp: 1
Miss Rate: 0.242586 Flash Write Amp: 1
Miss Rate: 0.240617 Flash Write Amp: 1
Miss Rate: 0.239058 Flash Write Amp: 1
Miss Rate: 0.237748 Flash Write Amp: 1
Miss Rate: 0.236738 Flash Write Amp: 1

Miss Rate: 0.236499 Flash Write Amp: 1
Processed 10240000 in 14 seconds, rate of 731429 accs/sec
