Parser type: Zipf
num requests: 10240000
zipf objCount 1000000
zipf debug objectCount 30 smallest bucket size 2 largest bucket size 160753 effective probability 2.07357e-07 theoretical probability 3.98107e-06
Stats file at ./output/kangaroo-memSize5MB-flashSize20MB-setCapacity4096B-zipf0.9.out
Setting not found: stats.collectionIntervalPower, using default value: 6
Setting not found: sets.numHashFunctions, using default value: 1
Miss Rate: -nan Flash Write Amp: -nan
go: Generating 10240000 requests
Miss Rate: 0.318256 Flash Write Amp: 64
Miss Rate: 0.25686 Flash Write Amp: 64
Miss Rate: 0.239112 Flash Write Amp: 64
Miss Rate: 0.227509 Flash Write Amp: 64
Miss Rate: 0.221662 Flash Write Amp: 64
Miss Rate: 0.217432 Flash Write Amp: 64
Miss Rate: 0.214474 Flash Write Amp: 64
Miss Rate: 0.212293 Flash Write Amp: 64
Miss Rate: 0.210489 Flash Write Amp: 64
Miss Rate: 0.209086 Flash Write Amp: 64

Miss Rate: 0.208749 Flash Write Amp: 64
Processed 10240000 in 19 seconds, rate of 538947 accs/sec
